E:/STM32_Projects/SpaceInvaders/Source_code/Core/Src/main.c:926:13:SPI5_Write	16	static
E:/STM32_Projects/SpaceInvaders/Source_code/Core/Src/main.c:1066:6:StartDefaultTask	32	static
E:/STM32_Projects/SpaceInvaders/Source_code/Core/Src/main.c:273:6:SystemClock_Config	144	static
E:/STM32_Projects/SpaceInvaders/Source_code/Core/Src/main.c:770:6:IOE_Init	0	static
E:/STM32_Projects/SpaceInvaders/Source_code/Core/Src/main.c:779:6:IOE_ITConfig	0	static
E:/STM32_Projects/SpaceInvaders/Source_code/Core/Src/main.c:791:6:IOE_Write	32	static
E:/STM32_Projects/SpaceInvaders/Source_code/Core/Src/main.c:802:9:IOE_Read	32	static
E:/STM32_Projects/SpaceInvaders/Source_code/Core/Src/main.c:815:10:IOE_ReadMultiple	24	static
E:/STM32_Projects/SpaceInvaders/Source_code/Core/Src/main.c:824:6:IOE_Delay	0	static
E:/STM32_Projects/SpaceInvaders/Source_code/Core/Src/main.c:952:6:LCD_IO_Init	8	static
E:/STM32_Projects/SpaceInvaders/Source_code/Core/Src/main.c:962:6:LCD_IO_WriteData	16	static
E:/STM32_Projects/SpaceInvaders/Source_code/Core/Src/main.c:978:6:LCD_IO_WriteReg	16	static
E:/STM32_Projects/SpaceInvaders/Source_code/Core/Src/main.c:997:10:LCD_IO_ReadData	32	static
E:/STM32_Projects/SpaceInvaders/Source_code/Core/Src/main.c:1024:6:LCD_Delay	0	static
E:/STM32_Projects/SpaceInvaders/Source_code/Core/Src/main.c:1031:6:Audio_Fill_Buffer	32	static
E:/STM32_Projects/SpaceInvaders/Source_code/Core/Src/main.c:180:5:main	120	static
E:/STM32_Projects/SpaceInvaders/Source_code/Core/Src/main.c:1045:6:HAL_I2S_TxHalfCpltCallback	0	static
E:/STM32_Projects/SpaceInvaders/Source_code/Core/Src/main.c:1051:6:HAL_I2S_TxCpltCallback	0	static
E:/STM32_Projects/SpaceInvaders/Source_code/Core/Src/main.c:1127:6:HAL_TIM_PeriodElapsedCallback	0	static
E:/STM32_Projects/SpaceInvaders/Source_code/Core/Src/main.c:1144:6:Error_Handler	0	static
