E:/STM32_Projects/SpaceInvaders/Source_code/Core/Src/main.c:926:13:SPI5_Write	1
E:/STM32_Projects/SpaceInvaders/Source_code/Core/Src/main.c:1066:6:StartDefaultTask	5
E:/STM32_Projects/SpaceInvaders/Source_code/Core/Src/main.c:273:6:SystemClock_Config	1
E:/STM32_Projects/SpaceInvaders/Source_code/Core/Src/main.c:770:6:IOE_Init	1
E:/STM32_Projects/SpaceInvaders/Source_code/Core/Src/main.c:779:6:IOE_ITConfig	1
E:/STM32_Projects/SpaceInvaders/Source_code/Core/Src/main.c:791:6:IOE_Write	1
E:/STM32_Projects/SpaceInvaders/Source_code/Core/Src/main.c:802:9:IOE_Read	1
E:/STM32_Projects/SpaceInvaders/Source_code/Core/Src/main.c:815:10:IOE_ReadMultiple	1
E:/STM32_Projects/SpaceInvaders/Source_code/Core/Src/main.c:824:6:IOE_Delay	1
E:/STM32_Projects/SpaceInvaders/Source_code/Core/Src/main.c:952:6:LCD_IO_Init	1
E:/STM32_Projects/SpaceInvaders/Source_code/Core/Src/main.c:962:6:LCD_IO_WriteData	1
E:/STM32_Projects/SpaceInvaders/Source_code/Core/Src/main.c:978:6:LCD_IO_WriteReg	1
E:/STM32_Projects/SpaceInvaders/Source_code/Core/Src/main.c:997:10:LCD_IO_ReadData	1
E:/STM32_Projects/SpaceInvaders/Source_code/Core/Src/main.c:1024:6:LCD_Delay	1
E:/STM32_Projects/SpaceInvaders/Source_code/Core/Src/main.c:1031:6:Audio_Fill_Buffer	2
E:/STM32_Projects/SpaceInvaders/Source_code/Core/Src/main.c:180:5:main	1
E:/STM32_Projects/SpaceInvaders/Source_code/Core/Src/main.c:1045:6:HAL_I2S_TxHalfCpltCallback	2
E:/STM32_Projects/SpaceInvaders/Source_code/Core/Src/main.c:1051:6:HAL_I2S_TxCpltCallback	2
E:/STM32_Projects/SpaceInvaders/Source_code/Core/Src/main.c:1127:6:HAL_TIM_PeriodElapsedCallback	2
E:/STM32_Projects/SpaceInvaders/Source_code/Core/Src/main.c:1144:6:Error_Handler	1
